// Jest Snapshot v1, https://goo.gl/fbAQLP

exports[`<App /> Snapshot test 1`] = `
<div>
  <main>
    <div
      class="dashboard"
    >
      <table
        class="table table-hover"
      >
        <caption
          class="caption"
        >
          List of candidates
        </caption>
        <thead
          class="table-header"
        >
          <tr
            class="table-header table-heading"
          >
            <th
              class="table-heading-space"
              scope="col"
            >
              #
            </th>
            <th
              class="table-heading-space"
              scope="col"
            >
              Candidate Name
            </th>
            <th
              class="table-heading-space"
              scope="col"
            >
              Email Id
            </th>
            <th
              class="table-heading-space"
              scope="col"
            >
              JobID
            </th>
          </tr>
        </thead>
        <tbody
          class="table-header"
        >
          <tr
            class="table-header-row"
          >
            <td
              class="table-heading-space"
            >
              1
            </td>
            <td
              class="table-heading-space"
            >
              <a
                data-testid="John"
                href="/details/dummy-id"
              >
                John
              </a>
            </td>
            <td
              class="table-heading-space"
            >
              John@gmail.com
            </td>
            <td
              class="table-heading-space"
            >
              flybuys2231
            </td>
          </tr>
          <tr
            class="table-header-row"
          >
            <td
              class="table-heading-space"
            >
              2
            </td>
            <td
              class="table-heading-space"
            >
              <a
                data-testid="mary"
                href="/details/dummy-id"
              >
                mary
              </a>
            </td>
            <td
              class="table-heading-space"
            >
              mary@mail.com
            </td>
            <td
              class="table-heading-space"
            >
              flybuys222
            </td>
          </tr>
          <tr
            class="table-header-row"
          >
            <td
              class="table-heading-space"
            >
              3
            </td>
            <td
              class="table-heading-space"
            >
              <a
                data-testid="Jane"
                href="/details/dummy-id"
              >
                Jane
              </a>
            </td>
            <td
              class="table-heading-space"
            >
              jane@mail.com
            </td>
            <td
              class="table-heading-space"
            >
              flybuys123
            </td>
          </tr>
          <tr
            class="table-header-row"
          >
            <td
              class="table-heading-space"
            >
              4
            </td>
            <td
              class="table-heading-space"
            >
              <a
                data-testid="Dave"
                href="/details/dummy-id"
              >
                Dave
              </a>
            </td>
            <td
              class="table-heading-space"
            >
              dave@mail.com
            </td>
            <td
              class="table-heading-space"
            >
              flybuys222
            </td>
          </tr>
        </tbody>
      </table>
    </div>
  </main>
</div>
`;
